Sender: LSF System <lsfadmin@polus-c3-ib.bmc.hpc.cs.msu.ru>
Subject: Job 1405616: <mpi_400_600_1> in cluster <MSUCluster> Done

Job <mpi_400_600_1> was submitted from host <polus-ib.bmc.hpc.cs.msu.ru> by user <edu-cmc-skmodel25-619-2-08> in cluster <MSUCluster> at Fri Dec  5 09:51:10 2025
Job was executed on host(s) <polus-c3-ib.bmc.hpc.cs.msu.ru>, in queue <short>, as user <edu-cmc-skmodel25-619-2-08> in cluster <MSUCluster> at Fri Dec  5 09:51:11 2025
</home_edu/edu-cmc-skmodel25-619-2/edu-cmc-skmodel25-619-2-08> was used as the home directory.
</home_edu/edu-cmc-skmodel25-619-2/edu-cmc-skmodel25-619-2-08/supercomputer> was used as the working directory.
Started at Fri Dec  5 09:51:11 2025
Terminated at Fri Dec  5 09:54:13 2025
Results reported at Fri Dec  5 09:54:13 2025

Your job looked like:

------------------------------------------------------------
# LSBATCH: User input
mpiexec ./task_mpi 400 600
------------------------------------------------------------

Successfully completed.

Resource usage summary:

    CPU time :                                   180.64 sec.
    Max Memory :                                 110 MB
    Average Memory :                             106.11 MB
    Total Requested Memory :                     -
    Delta Memory :                               -
    Max Swap :                                   -
    Max Processes :                              4
    Max Threads :                                12
    Run time :                                   182 sec.
    Turnaround time :                            183 sec.

The output (if any) follows:

==== Domain Decomposition Summary ====
Global grid: 400 x 600
Total processes: 1    Grid layout: 1 x 1
X partitions (1):    0
Y partitions (1):    0
======================================
[Rank  0] coords=(0,0) x:[   0, 400] y:[   0, 600] 
[OK] Converged in 1812 iterations, residual = 9.97509e-05
Saved solution to solution/solution_M_400_N_600.csv


===== Timing Summary (rank 0, accumulated) =====
Initialization time        = 0.297487 sec
Laplace operator time      = 93.0162 sec
Update operator time       = 53.9326 sec
Local reduction time       = 33.3422 sec
MPI halo exchange time     = 0.00244289 sec
MPI Allreduce time         = 0.00735872 sec
Finalize                   = 0.179161 sec
Total runtime              = 180.624 sec
===============================================



PS:

Read file <log/stage_6/mpi_400_600_1_cerr.log> for stderr output of this job.

