Sender: LSF System <lsfadmin@polus-c3-ib.bmc.hpc.cs.msu.ru>
Subject: Job 1406031: <mpi_cuda_400_600_g1> in cluster <MSUCluster> Done

Job <mpi_cuda_400_600_g1> was submitted from host <polus-ib.bmc.hpc.cs.msu.ru> by user <edu-cmc-skmodel25-619-2-08> in cluster <MSUCluster> at Fri Dec  5 15:10:53 2025
Job was executed on host(s) <polus-c3-ib.bmc.hpc.cs.msu.ru>, in queue <short>, as user <edu-cmc-skmodel25-619-2-08> in cluster <MSUCluster> at Fri Dec  5 15:11:12 2025
</home_edu/edu-cmc-skmodel25-619-2/edu-cmc-skmodel25-619-2-08> was used as the home directory.
</home_edu/edu-cmc-skmodel25-619-2/edu-cmc-skmodel25-619-2-08/supercomputer> was used as the working directory.
Started at Fri Dec  5 15:11:12 2025
Terminated at Fri Dec  5 15:11:16 2025
Results reported at Fri Dec  5 15:11:16 2025

Your job looked like:

------------------------------------------------------------
# LSBATCH: User input
#BSUB -n 1
#BSUB -W 5
#BSUB -J "mpi_cuda_400_600_g1"
#BSUB -oo "log/stage_9/mpi_cuda_400_600_g1_cout.log"
#BSUB -eo "log/stage_9/mpi_cuda_400_600_g1_cerr.log"
#BSUB -gpu "num=1:mode=exclusive_process"

mpiexec ./task_mpi_cuda 400 600
------------------------------------------------------------

Successfully completed.

Resource usage summary:

    CPU time :                                   1.27 sec.
    Max Memory :                                 124 MB
    Average Memory :                             83.00 MB
    Total Requested Memory :                     -
    Delta Memory :                               -
    Max Swap :                                   -
    Max Processes :                              5
    Max Threads :                                15
    Run time :                                   5 sec.
    Turnaround time :                            23 sec.

The output (if any) follows:

[Rank 0] host=polus-c3-ib.bmc.hpc.cs.msu.ru local_rank=0 dev=0 dev_count=1
==== Domain Decomposition Summary ====
Global grid: 400 x 600
Total processes: 1    Grid layout: 1 x 1
X partitions (1):    0
Y partitions (1):    0
======================================
[Rank  0] coords=(0,0) x:[   0, 400] y:[   0, 600] 
[OK] Converged in 1812 iterations, residual = 9.97509e-05
Saved solution to solution/solution_M_400_N_600.csv


===== Timing Summary (rank 0, accumulated) =====
Initialization time        = 0.342544 sec
CPU Laplace operator time  = 0.0778045 sec
CPU update time            = 0.0539517 sec
CPU local reduction time   = 0.0505815 sec
CUDA Laplace operator time = 0.0686748 sec
CUDA update (kernels) time = 0.0471512 sec
CUDA reduction kernels time= 0.335033 sec
Host->Device memcpy time   = 0.00343956 sec
Device->Host memcpy time   = 0.0743617 sec
MPI halo exchange time     = 0.00297338 sec
MPI Allreduce time         = 0.00941481 sec
Finalize time              = 0.178678 sec
Total runtime              = 1.223 sec
===============================================



PS:

Read file <log/stage_9/mpi_cuda_400_600_g1_cerr.log> for stderr output of this job.

