Sender: LSF System <lsfadmin@polus-c3-ib.bmc.hpc.cs.msu.ru>
Subject: Job 1405657: <mpi_400_600_2> in cluster <MSUCluster> Done

Job <mpi_400_600_2> was submitted from host <polus-ib.bmc.hpc.cs.msu.ru> by user <edu-cmc-skmodel25-619-2-08> in cluster <MSUCluster> at Fri Dec  5 11:26:36 2025
Job was executed on host(s) <2*polus-c3-ib.bmc.hpc.cs.msu.ru>, in queue <short>, as user <edu-cmc-skmodel25-619-2-08> in cluster <MSUCluster> at Fri Dec  5 11:26:36 2025
</home_edu/edu-cmc-skmodel25-619-2/edu-cmc-skmodel25-619-2-08> was used as the home directory.
</home_edu/edu-cmc-skmodel25-619-2/edu-cmc-skmodel25-619-2-08/supercomputer> was used as the working directory.
Started at Fri Dec  5 11:26:36 2025
Terminated at Fri Dec  5 11:28:03 2025
Results reported at Fri Dec  5 11:28:03 2025

Your job looked like:

------------------------------------------------------------
# LSBATCH: User input
mpiexec ./task_mpi 400 600
------------------------------------------------------------

Successfully completed.

Resource usage summary:

    CPU time :                                   170.27 sec.
    Max Memory :                                 189 MB
    Average Memory :                             176.47 MB
    Total Requested Memory :                     -
    Delta Memory :                               -
    Max Swap :                                   -
    Max Processes :                              5
    Max Threads :                                16
    Run time :                                   86 sec.
    Turnaround time :                            87 sec.

The output (if any) follows:

==== Domain Decomposition Summary ====
Global grid: 400 x 600
Total processes: 2    Grid layout: 1 x 2
X partitions (1):    0
Y partitions (2):    0 300
======================================
[Rank  1] coords=(0,1) x:[   0, 400] y:[ 300, 600] 
[Rank  0] coords=(0,0) x:[   0, 400] y:[   0, 299] 
[OK] Converged in 1812 iterations, residual = 9.97509e-05
Saved solution to solution/solution_M_400_N_600.csv


===== Timing Summary (rank 0, accumulated) =====
Initialization time        = 0.190064 sec
Laplace operator time      = 43.6589 sec
Update operator time       = 25.2647 sec
Local reduction time       = 15.6301 sec
MPI halo exchange time     = 0.0586701 sec
MPI Allreduce time         = 0.273735 sec
Finalize                   = 0.172188 sec
Total runtime              = 85.2052 sec
===============================================



PS:

Read file <log/stage_6/mpi_400_600_2_cerr.log> for stderr output of this job.

