Sender: LSF System <lsfadmin@polus-c2-ib.bmc.hpc.cs.msu.ru>
Subject: Job 1405972: <mpi_800_1200_2> in cluster <MSUCluster> Exited

Job <mpi_800_1200_2> was submitted from host <polus-ib.bmc.hpc.cs.msu.ru> by user <edu-cmc-skmodel25-619-2-08> in cluster <MSUCluster> at Fri Dec  5 14:32:24 2025
Job was executed on host(s) <2*polus-c2-ib.bmc.hpc.cs.msu.ru>, in queue <short>, as user <edu-cmc-skmodel25-619-2-08> in cluster <MSUCluster> at Fri Dec  5 14:32:24 2025
</home_edu/edu-cmc-skmodel25-619-2/edu-cmc-skmodel25-619-2-08> was used as the home directory.
</home_edu/edu-cmc-skmodel25-619-2/edu-cmc-skmodel25-619-2-08/supercomputer> was used as the working directory.
Started at Fri Dec  5 14:32:24 2025
Terminated at Fri Dec  5 14:38:47 2025
Results reported at Fri Dec  5 14:38:47 2025

Your job looked like:

------------------------------------------------------------
# LSBATCH: User input
mpiexec ./task_mpi 800 1200
------------------------------------------------------------

TERM_OWNER: job killed by owner.
Exited with exit code 1.

Resource usage summary:

    CPU time :                                   761.00 sec.
    Max Memory :                                 238 MB
    Average Memory :                             225.04 MB
    Total Requested Memory :                     -
    Delta Memory :                               -
    Max Swap :                                   -
    Max Processes :                              5
    Max Threads :                                16
    Run time :                                   385 sec.
    Turnaround time :                            383 sec.

The output (if any) follows:

[OK] Converged in 3754 iterations, residual = 9.96549e-05
Saved solution to solution/solution_M_800_N_1200.csv

========== Timing Summary ==========
Initialization time     : 0.288137 sec
Laplace operator time   : 359.764 sec
Update operator time    : 207.392 sec
Reduction time          : 127.449 sec
Finalize time           : 0.590458 sec
Total runtime           : 695.253 sec
====================================



PS:

Read file <log/stage_6/mpi_800_1200_2_cerr.log> for stderr output of this job.

