Sender: LSF System <lsfadmin@polus-c4-ib.bmc.hpc.cs.msu.ru>
Subject: Job 1427087: <mpi_400_600_8> in cluster <MSUCluster> Done

Job <mpi_400_600_8> was submitted from host <polus-ib.bmc.hpc.cs.msu.ru> by user <edu-cmc-skmodel25-619-2-08> in cluster <MSUCluster> at Mon Dec  8 21:18:14 2025
Job was executed on host(s) <8*polus-c4-ib.bmc.hpc.cs.msu.ru>, in queue <short>, as user <edu-cmc-skmodel25-619-2-08> in cluster <MSUCluster> at Mon Dec  8 21:18:14 2025
</home_edu/edu-cmc-skmodel25-619-2/edu-cmc-skmodel25-619-2-08> was used as the home directory.
</home_edu/edu-cmc-skmodel25-619-2/edu-cmc-skmodel25-619-2-08/supercomputer> was used as the working directory.
Started at Mon Dec  8 21:18:14 2025
Terminated at Mon Dec  8 21:18:16 2025
Results reported at Mon Dec  8 21:18:16 2025

Your job looked like:

------------------------------------------------------------
# LSBATCH: User input
mpiexec ./task_mpi 400 600
------------------------------------------------------------

Successfully completed.

Resource usage summary:

    CPU time :                                   10.48 sec.
    Max Memory :                                 662 MB
    Average Memory :                             441.67 MB
    Total Requested Memory :                     -
    Delta Memory :                               -
    Max Swap :                                   -
    Max Processes :                              11
    Max Threads :                                40
    Run time :                                   4 sec.
    Turnaround time :                            2 sec.

The output (if any) follows:

==== Domain Decomposition Summary ====
Global grid: 400 x 600
Total processes: 8    Grid layout: 2 x 4
X partitions (2):    0 200
Y partitions (4):    0 150 300 450
======================================
[Rank  7] coords=(1,3) x:[ 200, 400] y:[ 450, 600] 
[Rank  1] coords=(0,1) x:[   0, 199] y:[ 150, 299] 
[Rank  2] coords=(0,2) x:[   0, 199] y:[ 300, 449] 
[Rank  4] coords=(1,0) x:[ 200, 400] y:[   0, 149] 
[Rank  0] coords=(0,0) x:[   0, 199] y:[   0, 149] 
[Rank  5] coords=(1,1) x:[ 200, 400] y:[ 150, 299] 
[Rank  3] coords=(0,3) x:[   0, 199] y:[ 450, 600] 
[Rank  6] coords=(1,2) x:[ 200, 400] y:[ 300, 449] 
[OK] Converged in 1834 iterations, residual = 9.63968e-05
Saved solution to solution/solution_M_400_N_600.csv


===== Timing Summary (rank 0, accumulated) =====
Initialization time        = 0.154706 sec
Laplace operator time      = 0.449492 sec
Update operator time       = 0.270624 sec
Local reduction time       = 0.3609 sec
MPI halo exchange time     = 0.0107637 sec
MPI Allreduce time         = 0.0624968 sec
Finalize                   = 0.15376 sec
Total runtime              = 1.47967 sec
===============================================



PS:

Read file <log/stage_6/mpi_400_600_8_cerr.log> for stderr output of this job.

