Sender: LSF System <lsfadmin@polus-c3-ib.bmc.hpc.cs.msu.ru>
Subject: Job 1427084: <mpi_400_600_1> in cluster <MSUCluster> Done

Job <mpi_400_600_1> was submitted from host <polus-ib.bmc.hpc.cs.msu.ru> by user <edu-cmc-skmodel25-619-2-08> in cluster <MSUCluster> at Mon Dec  8 21:17:43 2025
Job was executed on host(s) <polus-c3-ib.bmc.hpc.cs.msu.ru>, in queue <short>, as user <edu-cmc-skmodel25-619-2-08> in cluster <MSUCluster> at Mon Dec  8 21:17:43 2025
</home_edu/edu-cmc-skmodel25-619-2/edu-cmc-skmodel25-619-2-08> was used as the home directory.
</home_edu/edu-cmc-skmodel25-619-2/edu-cmc-skmodel25-619-2-08/supercomputer> was used as the working directory.
Started at Mon Dec  8 21:17:43 2025
Terminated at Mon Dec  8 21:17:59 2025
Results reported at Mon Dec  8 21:17:59 2025

Your job looked like:

------------------------------------------------------------
# LSBATCH: User input
mpiexec ./task_mpi 400 600
------------------------------------------------------------

Successfully completed.

Resource usage summary:

    CPU time :                                   14.71 sec.
    Max Memory :                                 115 MB
    Average Memory :                             91.20 MB
    Total Requested Memory :                     -
    Delta Memory :                               -
    Max Swap :                                   -
    Max Processes :                              4
    Max Threads :                                12
    Run time :                                   15 sec.
    Turnaround time :                            16 sec.

The output (if any) follows:

==== Domain Decomposition Summary ====
Global grid: 400 x 600
Total processes: 1    Grid layout: 1 x 1
X partitions (1):    0
Y partitions (1):    0
======================================
[Rank  0] coords=(0,0) x:[   0, 400] y:[   0, 600] 
[OK] Converged in 1834 iterations, residual = 9.63968e-05
Saved solution to solution/solution_M_400_N_600.csv


===== Timing Summary (rank 0, accumulated) =====
Initialization time        = 0.163304 sec
Laplace operator time      = 3.45723 sec
Update operator time       = 2.06029 sec
Local reduction time       = 2.72121 sec
MPI halo exchange time     = 0.00129581 sec
MPI Allreduce time         = 0.00472181 sec
Finalize                   = 0.150936 sec
Total runtime              = 8.56922 sec
===============================================



PS:

Read file <log/stage_6/mpi_400_600_1_cerr.log> for stderr output of this job.

