Sender: LSF System <lsfadmin@polus-c4-ib.bmc.hpc.cs.msu.ru>
Subject: Job 1427088: <mpi_400_600_16> in cluster <MSUCluster> Done

Job <mpi_400_600_16> was submitted from host <polus-ib.bmc.hpc.cs.msu.ru> by user <edu-cmc-skmodel25-619-2-08> in cluster <MSUCluster> at Mon Dec  8 21:18:16 2025
Job was executed on host(s) <16*polus-c4-ib.bmc.hpc.cs.msu.ru>, in queue <short>, as user <edu-cmc-skmodel25-619-2-08> in cluster <MSUCluster> at Mon Dec  8 21:18:17 2025
</home_edu/edu-cmc-skmodel25-619-2/edu-cmc-skmodel25-619-2-08> was used as the home directory.
</home_edu/edu-cmc-skmodel25-619-2/edu-cmc-skmodel25-619-2-08/supercomputer> was used as the working directory.
Started at Mon Dec  8 21:18:17 2025
Terminated at Mon Dec  8 21:18:20 2025
Results reported at Mon Dec  8 21:18:20 2025

Your job looked like:

------------------------------------------------------------
# LSBATCH: User input
mpiexec ./task_mpi 400 600
------------------------------------------------------------

Successfully completed.

Resource usage summary:

    CPU time :                                   17.03 sec.
    Max Memory :                                 1290 MB
    Average Memory :                             860.33 MB
    Total Requested Memory :                     -
    Delta Memory :                               -
    Max Swap :                                   -
    Max Processes :                              19
    Max Threads :                                72
    Run time :                                   3 sec.
    Turnaround time :                            4 sec.

The output (if any) follows:

==== Domain Decomposition Summary ====
Global grid: 400 x 600
Total processes: 16    Grid layout: 4 x 4
X partitions (4):    0 100 200 300
Y partitions (4):    0 150 300 450
======================================
[Rank  9] coords=(2,1) x:[ 200, 299] y:[ 150, 299] 
[Rank 10] coords=(2,2) x:[ 200, 299] y:[ 300, 449] 
[Rank  0] coords=(0,0) x:[   0,  99] y:[   0, 149] 
[Rank 12] coords=(3,0) x:[ 300, 400] y:[   0, 149] 
[Rank 14] coords=(3,2) x:[ 300, 400] y:[ 300, 449] 
[Rank  1] coords=(0,1) x:[   0,  99] y:[ 150, 299] 
[Rank 11] coords=(2,3) x:[ 200, 299] y:[ 450, 600] 
[Rank  8] coords=(2,0) x:[ 200, 299] y:[   0, 149] 
[Rank 13] coords=(3,1) x:[ 300, 400] y:[ 150, 299] 
[Rank  5] coords=(1,1) x:[ 100, 199] y:[ 150, 299] 
[Rank  3] coords=(0,3) x:[   0,  99] y:[ 450, 600] 
[Rank 15] coords=(3,3) x:[ 300, 400] y:[ 450, 600] 
[Rank  7] coords=(1,3) x:[ 100, 199] y:[ 450, 600] 
[Rank  2] coords=(0,2) x:[   0,  99] y:[ 300, 449] 
[Rank  6] coords=(1,2) x:[ 100, 199] y:[ 300, 449] 
[Rank  4] coords=(1,0) x:[ 100, 199] y:[   0, 149] 
[OK] Converged in 1816 iterations, residual = 9.75276e-05
Saved solution to solution/solution_M_400_N_600.csv


===== Timing Summary (rank 0, accumulated) =====
Initialization time        = 0.188361 sec
Laplace operator time      = 0.235536 sec
Update operator time       = 0.140188 sec
Local reduction time       = 0.18273 sec
MPI halo exchange time     = 0.0120476 sec
MPI Allreduce time         = 0.315696 sec
Finalize                   = 0.153279 sec
Total runtime              = 1.24117 sec
===============================================



PS:

Read file <log/stage_6/mpi_400_600_16_cerr.log> for stderr output of this job.

