Sender: LSF System <lsfadmin@polus-c4-ib.bmc.hpc.cs.msu.ru>
Subject: Job 1427089: <mpi_800_1200_1> in cluster <MSUCluster> Done

Job <mpi_800_1200_1> was submitted from host <polus-ib.bmc.hpc.cs.msu.ru> by user <edu-cmc-skmodel25-619-2-08> in cluster <MSUCluster> at Mon Dec  8 21:18:20 2025
Job was executed on host(s) <polus-c4-ib.bmc.hpc.cs.msu.ru>, in queue <short>, as user <edu-cmc-skmodel25-619-2-08> in cluster <MSUCluster> at Mon Dec  8 21:18:20 2025
</home_edu/edu-cmc-skmodel25-619-2/edu-cmc-skmodel25-619-2-08> was used as the home directory.
</home_edu/edu-cmc-skmodel25-619-2/edu-cmc-skmodel25-619-2-08/supercomputer> was used as the working directory.
Started at Mon Dec  8 21:18:20 2025
Terminated at Mon Dec  8 21:20:29 2025
Results reported at Mon Dec  8 21:20:29 2025

Your job looked like:

------------------------------------------------------------
# LSBATCH: User input
mpiexec ./task_mpi 800 1200
------------------------------------------------------------

Successfully completed.

Resource usage summary:

    CPU time :                                   128.32 sec.
    Max Memory :                                 159 MB
    Average Memory :                             151.10 MB
    Total Requested Memory :                     -
    Delta Memory :                               -
    Max Swap :                                   -
    Max Processes :                              4
    Max Threads :                                12
    Run time :                                   128 sec.
    Turnaround time :                            129 sec.

The output (if any) follows:

==== Domain Decomposition Summary ====
Global grid: 800 x 1200
Total processes: 1    Grid layout: 1 x 1
X partitions (1):    0
Y partitions (1):    0
======================================
[Rank  0] coords=(0,0) x:[   0, 800] y:[   0,1200] 
[OK] Converged in 3759 iterations, residual = 9.87478e-05
Saved solution to solution/solution_M_800_N_1200.csv


===== Timing Summary (rank 0, accumulated) =====
Initialization time        = 0.205236 sec
Laplace operator time      = 28.3661 sec
Update operator time       = 19.287 sec
Local reduction time       = 22.8176 sec
MPI halo exchange time     = 0.00299385 sec
MPI Allreduce time         = 0.0142883 sec
Finalize                   = 0.567551 sec
Total runtime              = 71.3076 sec
===============================================



PS:

Read file <log/stage_6/mpi_800_1200_1_cerr.log> for stderr output of this job.

