Sender: LSF System <lsfadmin@polus-c3-ib.bmc.hpc.cs.msu.ru>
Subject: Job 1427085: <mpi_400_600_2> in cluster <MSUCluster> Done

Job <mpi_400_600_2> was submitted from host <polus-ib.bmc.hpc.cs.msu.ru> by user <edu-cmc-skmodel25-619-2-08> in cluster <MSUCluster> at Mon Dec  8 21:18:00 2025
Job was executed on host(s) <2*polus-c3-ib.bmc.hpc.cs.msu.ru>, in queue <short>, as user <edu-cmc-skmodel25-619-2-08> in cluster <MSUCluster> at Mon Dec  8 21:18:00 2025
</home_edu/edu-cmc-skmodel25-619-2/edu-cmc-skmodel25-619-2-08> was used as the home directory.
</home_edu/edu-cmc-skmodel25-619-2/edu-cmc-skmodel25-619-2-08/supercomputer> was used as the working directory.
Started at Mon Dec  8 21:18:00 2025
Terminated at Mon Dec  8 21:18:09 2025
Results reported at Mon Dec  8 21:18:09 2025

Your job looked like:

------------------------------------------------------------
# LSBATCH: User input
mpiexec ./task_mpi 400 600
------------------------------------------------------------

Successfully completed.

Resource usage summary:

    CPU time :                                   14.49 sec.
    Max Memory :                                 189 MB
    Average Memory :                             126.33 MB
    Total Requested Memory :                     -
    Delta Memory :                               -
    Max Swap :                                   -
    Max Processes :                              5
    Max Threads :                                16
    Run time :                                   9 sec.
    Turnaround time :                            9 sec.

The output (if any) follows:

[Rank  1] coords=(0,1) x:[   0, 400] y:[ 300, 600] 
==== Domain Decomposition Summary ====
Global grid: 400 x 600
Total processes: 2    Grid layout: 1 x 2
X partitions (1):    0
Y partitions (2):    0 300
======================================
[Rank  0] coords=(0,0) x:[   0, 400] y:[   0, 299] 
[OK] Converged in 1834 iterations, residual = 9.63968e-05
Saved solution to solution/solution_M_400_N_600.csv


===== Timing Summary (rank 0, accumulated) =====
Initialization time        = 0.234165 sec
Laplace operator time      = 1.72671 sec
Update operator time       = 1.0017 sec
Local reduction time       = 1.36796 sec
MPI halo exchange time     = 0.00946848 sec
MPI Allreduce time         = 0.0471848 sec
Finalize                   = 0.154039 sec
Total runtime              = 4.55551 sec
===============================================



PS:

Read file <log/stage_6/mpi_400_600_2_cerr.log> for stderr output of this job.

