Sender: LSF System <lsfadmin@polus-c4-ib.bmc.hpc.cs.msu.ru>
Subject: Job 1427076: <omp_800_1200_8> in cluster <MSUCluster> Done

Job <omp_800_1200_8> was submitted from host <polus-ib.bmc.hpc.cs.msu.ru> by user <edu-cmc-skmodel25-619-2-08> in cluster <MSUCluster> at Mon Dec  8 21:16:54 2025
Job was executed on host(s) <polus-c4-ib.bmc.hpc.cs.msu.ru>, in queue <short>, as user <edu-cmc-skmodel25-619-2-08> in cluster <MSUCluster> at Mon Dec  8 21:16:54 2025
</home_edu/edu-cmc-skmodel25-619-2/edu-cmc-skmodel25-619-2-08> was used as the home directory.
</home_edu/edu-cmc-skmodel25-619-2/edu-cmc-skmodel25-619-2-08/supercomputer> was used as the working directory.
Started at Mon Dec  8 21:16:54 2025
Terminated at Mon Dec  8 21:17:09 2025
Results reported at Mon Dec  8 21:17:09 2025

Your job looked like:

------------------------------------------------------------
# LSBATCH: User input
OMP_NUM_THREADS=8 ./task_omp 800 1200
------------------------------------------------------------

Successfully completed.

Resource usage summary:

    CPU time :                                   105.74 sec.
    Max Memory :                                 64 MB
    Average Memory :                             48.25 MB
    Total Requested Memory :                     -
    Delta Memory :                               -
    Max Swap :                                   -
    Max Processes :                              3
    Max Threads :                                11
    Run time :                                   18 sec.
    Turnaround time :                            15 sec.

The output (if any) follows:

[OK] Converged in 3759 iterations, residual = 9.871e-05
Saved solution to solution/solution_M_800_N_1200.csv

========== Timing Summary ==========
Initialization time     : 0.0140079 sec
Laplace operator time   : 5.74036 sec
Update operator time    : 2.82859 sec
Reduction time          : 2.1665 sec
Finalize time           : 0.529191 sec
Total runtime           : 11.2939 sec
====================================



PS:

Read file <log/stage_3/omp_800_1200_8_cerr.log> for stderr output of this job.

