Sender: LSF System <lsfadmin@polus-c4-ib.bmc.hpc.cs.msu.ru>
Subject: Job 1427073: <omp_800_1200_1> in cluster <MSUCluster> Done

Job <omp_800_1200_1> was submitted from host <polus-ib.bmc.hpc.cs.msu.ru> by user <edu-cmc-skmodel25-619-2-08> in cluster <MSUCluster> at Mon Dec  8 21:15:02 2025
Job was executed on host(s) <polus-c4-ib.bmc.hpc.cs.msu.ru>, in queue <short>, as user <edu-cmc-skmodel25-619-2-08> in cluster <MSUCluster> at Mon Dec  8 21:15:03 2025
</home_edu/edu-cmc-skmodel25-619-2/edu-cmc-skmodel25-619-2-08> was used as the home directory.
</home_edu/edu-cmc-skmodel25-619-2/edu-cmc-skmodel25-619-2-08/supercomputer> was used as the working directory.
Started at Mon Dec  8 21:15:03 2025
Terminated at Mon Dec  8 21:16:28 2025
Results reported at Mon Dec  8 21:16:28 2025

Your job looked like:

------------------------------------------------------------
# LSBATCH: User input
OMP_NUM_THREADS=1 ./task_omp 800 1200
------------------------------------------------------------

Successfully completed.

Resource usage summary:

    CPU time :                                   85.15 sec.
    Max Memory :                                 71 MB
    Average Memory :                             61.20 MB
    Total Requested Memory :                     -
    Delta Memory :                               -
    Max Swap :                                   -
    Max Processes :                              3
    Max Threads :                                4
    Run time :                                   86 sec.
    Turnaround time :                            86 sec.

The output (if any) follows:

[OK] Converged in 3759 iterations, residual = 9.87478e-05
Saved solution to solution/solution_M_800_N_1200.csv

========== Timing Summary ==========
Initialization time     : 0.0565256 sec
Laplace operator time   : 44.2729 sec
Update operator time    : 23.1509 sec
Reduction time          : 17.0781 sec
Finalize time           : 0.527556 sec
Total runtime           : 85.0672 sec
====================================



PS:

Read file <log/stage_3/omp_800_1200_1_cerr.log> for stderr output of this job.

