Sender: LSF System <lsfadmin@polus-c4-ib.bmc.hpc.cs.msu.ru>
Subject: Job 1427074: <omp_800_1200_4> in cluster <MSUCluster> Done

Job <omp_800_1200_4> was submitted from host <polus-ib.bmc.hpc.cs.msu.ru> by user <edu-cmc-skmodel25-619-2-08> in cluster <MSUCluster> at Mon Dec  8 21:16:28 2025
Job was executed on host(s) <polus-c4-ib.bmc.hpc.cs.msu.ru>, in queue <short>, as user <edu-cmc-skmodel25-619-2-08> in cluster <MSUCluster> at Mon Dec  8 21:16:29 2025
</home_edu/edu-cmc-skmodel25-619-2/edu-cmc-skmodel25-619-2-08> was used as the home directory.
</home_edu/edu-cmc-skmodel25-619-2/edu-cmc-skmodel25-619-2-08/supercomputer> was used as the working directory.
Started at Mon Dec  8 21:16:29 2025
Terminated at Mon Dec  8 21:16:51 2025
Results reported at Mon Dec  8 21:16:51 2025

Your job looked like:

------------------------------------------------------------
# LSBATCH: User input
OMP_NUM_THREADS=4 ./task_omp 800 1200
------------------------------------------------------------

Successfully completed.

Resource usage summary:

    CPU time :                                   84.70 sec.
    Max Memory :                                 64 MB
    Average Memory :                             51.40 MB
    Total Requested Memory :                     -
    Delta Memory :                               -
    Max Swap :                                   -
    Max Processes :                              3
    Max Threads :                                7
    Run time :                                   23 sec.
    Turnaround time :                            23 sec.

The output (if any) follows:

[OK] Converged in 3759 iterations, residual = 9.87104e-05
Saved solution to solution/solution_M_800_N_1200.csv

========== Timing Summary ==========
Initialization time     : 0.0201237 sec
Laplace operator time   : 11.4039 sec
Update operator time    : 5.5013 sec
Reduction time          : 4.16155 sec
Finalize time           : 0.527511 sec
Total runtime           : 21.6282 sec
====================================



PS:

Read file <log/stage_3/omp_800_1200_4_cerr.log> for stderr output of this job.

