Sender: LSF System <lsfadmin@polus-c3-ib.bmc.hpc.cs.msu.ru>
Subject: Job 1427066: <omp_400_600_2> in cluster <MSUCluster> Done

Job <omp_400_600_2> was submitted from host <polus-ib.bmc.hpc.cs.msu.ru> by user <edu-cmc-skmodel25-619-2-08> in cluster <MSUCluster> at Mon Dec  8 21:14:44 2025
Job was executed on host(s) <polus-c3-ib.bmc.hpc.cs.msu.ru>, in queue <short>, as user <edu-cmc-skmodel25-619-2-08> in cluster <MSUCluster> at Mon Dec  8 21:14:45 2025
</home_edu/edu-cmc-skmodel25-619-2/edu-cmc-skmodel25-619-2-08> was used as the home directory.
</home_edu/edu-cmc-skmodel25-619-2/edu-cmc-skmodel25-619-2-08/supercomputer> was used as the working directory.
Started at Mon Dec  8 21:14:45 2025
Terminated at Mon Dec  8 21:14:51 2025
Results reported at Mon Dec  8 21:14:51 2025

Your job looked like:

------------------------------------------------------------
# LSBATCH: User input
OMP_NUM_THREADS=2 ./task_omp 400 600
------------------------------------------------------------

Successfully completed.

Resource usage summary:

    CPU time :                                   10.56 sec.
    Max Memory :                                 20 MB
    Average Memory :                             13.67 MB
    Total Requested Memory :                     -
    Delta Memory :                               -
    Max Swap :                                   -
    Max Processes :                              3
    Max Threads :                                5
    Run time :                                   10 sec.
    Turnaround time :                            7 sec.

The output (if any) follows:

[OK] Converged in 1834 iterations, residual = 9.63968e-05
Saved solution to solution/solution_M_400_N_600.csv

========== Timing Summary ==========
Initialization time     : 0.00838218 sec
Laplace operator time   : 2.80947 sec
Update operator time    : 1.36111 sec
Reduction time          : 1.01679 sec
Finalize time           : 0.141005 sec
Total runtime           : 5.34118 sec
====================================



PS:

Read file <log/stage_3/omp_400_600_2_cerr.log> for stderr output of this job.

