Sender: LSF System <lsfadmin@polus-c4-ib.bmc.hpc.cs.msu.ru>
Subject: Job 1427072: <omp_400_600_16> in cluster <MSUCluster> Done

Job <omp_400_600_16> was submitted from host <polus-ib.bmc.hpc.cs.msu.ru> by user <edu-cmc-skmodel25-619-2-08> in cluster <MSUCluster> at Mon Dec  8 21:14:59 2025
Job was executed on host(s) <polus-c4-ib.bmc.hpc.cs.msu.ru>, in queue <short>, as user <edu-cmc-skmodel25-619-2-08> in cluster <MSUCluster> at Mon Dec  8 21:15:00 2025
</home_edu/edu-cmc-skmodel25-619-2/edu-cmc-skmodel25-619-2-08> was used as the home directory.
</home_edu/edu-cmc-skmodel25-619-2/edu-cmc-skmodel25-619-2-08/supercomputer> was used as the working directory.
Started at Mon Dec  8 21:15:00 2025
Terminated at Mon Dec  8 21:15:02 2025
Results reported at Mon Dec  8 21:15:02 2025

Your job looked like:

------------------------------------------------------------
# LSBATCH: User input
OMP_NUM_THREADS=16 ./task_omp 400 600
------------------------------------------------------------

Successfully completed.

Resource usage summary:

    CPU time :                                   24.69 sec.
    Max Memory :                                 21 MB
    Average Memory :                             14.33 MB
    Total Requested Memory :                     -
    Delta Memory :                               -
    Max Swap :                                   -
    Max Processes :                              3
    Max Threads :                                19
    Run time :                                   3 sec.
    Turnaround time :                            3 sec.

The output (if any) follows:

[OK] Converged in 1834 iterations, residual = 9.63968e-05
Saved solution to solution/solution_M_400_N_600.csv

========== Timing Summary ==========
Initialization time     : 0.00409059 sec
Laplace operator time   : 0.507263 sec
Update operator time    : 0.311598 sec
Reduction time          : 0.196634 sec
Finalize time           : 0.138782 sec
Total runtime           : 1.16976 sec
====================================



PS:

Read file <log/stage_3/omp_400_600_16_cerr.log> for stderr output of this job.

