Sender: LSF System <lsfadmin@polus-c4-ib.bmc.hpc.cs.msu.ru>
Subject: Job 1427079: <omp_800_1200_32> in cluster <MSUCluster> Done

Job <omp_800_1200_32> was submitted from host <polus-ib.bmc.hpc.cs.msu.ru> by user <edu-cmc-skmodel25-619-2-08> in cluster <MSUCluster> at Mon Dec  8 21:17:24 2025
Job was executed on host(s) <polus-c4-ib.bmc.hpc.cs.msu.ru>, in queue <short>, as user <edu-cmc-skmodel25-619-2-08> in cluster <MSUCluster> at Mon Dec  8 21:17:25 2025
</home_edu/edu-cmc-skmodel25-619-2/edu-cmc-skmodel25-619-2-08> was used as the home directory.
</home_edu/edu-cmc-skmodel25-619-2/edu-cmc-skmodel25-619-2-08/supercomputer> was used as the working directory.
Started at Mon Dec  8 21:17:25 2025
Terminated at Mon Dec  8 21:17:33 2025
Results reported at Mon Dec  8 21:17:33 2025

Your job looked like:

------------------------------------------------------------
# LSBATCH: User input
OMP_NUM_THREADS=32 /polusfs/lsf/openmp/launchOpenMP.py ./task_omp 800 1200
------------------------------------------------------------

Successfully completed.

Resource usage summary:

    CPU time :                                   194.11 sec.
    Max Memory :                                 73 MB
    Average Memory :                             55.00 MB
    Total Requested Memory :                     -
    Delta Memory :                               -
    Max Swap :                                   -
    Max Processes :                              3
    Max Threads :                                35
    Run time :                                   10 sec.
    Turnaround time :                            9 sec.

The output (if any) follows:

[OK] Converged in 3759 iterations, residual = 9.871e-05
Saved solution to solution/solution_M_800_N_1200.csv

========== Timing Summary ==========
Initialization time     : 0.0318041 sec
Laplace operator time   : 2.02788 sec
Update operator time    : 1.72982 sec
Reduction time          : 1.23496 sec
Finalize time           : 0.530124 sec
Total runtime           : 5.59543 sec
====================================



PS:

Read file <log/stage_3/omp_800_1200_32_cerr.log> for stderr output of this job.

