Sender: LSF System <lsfadmin@polus-c4-ib.bmc.hpc.cs.msu.ru>
Subject: Job 1427077: <omp_800_1200_16> in cluster <MSUCluster> Done

Job <omp_800_1200_16> was submitted from host <polus-ib.bmc.hpc.cs.msu.ru> by user <edu-cmc-skmodel25-619-2-08> in cluster <MSUCluster> at Mon Dec  8 21:17:10 2025
Job was executed on host(s) <polus-c4-ib.bmc.hpc.cs.msu.ru>, in queue <short>, as user <edu-cmc-skmodel25-619-2-08> in cluster <MSUCluster> at Mon Dec  8 21:17:10 2025
</home_edu/edu-cmc-skmodel25-619-2/edu-cmc-skmodel25-619-2-08> was used as the home directory.
</home_edu/edu-cmc-skmodel25-619-2/edu-cmc-skmodel25-619-2-08/supercomputer> was used as the working directory.
Started at Mon Dec  8 21:17:10 2025
Terminated at Mon Dec  8 21:17:23 2025
Results reported at Mon Dec  8 21:17:23 2025

Your job looked like:

------------------------------------------------------------
# LSBATCH: User input
OMP_NUM_THREADS=16 ./task_omp 800 1200
------------------------------------------------------------

Successfully completed.

Resource usage summary:

    CPU time :                                   178.86 sec.
    Max Memory :                                 65 MB
    Average Memory :                             49.00 MB
    Total Requested Memory :                     -
    Delta Memory :                               -
    Max Swap :                                   -
    Max Processes :                              3
    Max Threads :                                19
    Run time :                                   13 sec.
    Turnaround time :                            13 sec.

The output (if any) follows:

[OK] Converged in 3759 iterations, residual = 9.871e-05
Saved solution to solution/solution_M_800_N_1200.csv

========== Timing Summary ==========
Initialization time     : 0.0123926 sec
Laplace operator time   : 3.48103 sec
Update operator time    : 1.79437 sec
Reduction time          : 1.24019 sec
Finalize time           : 0.535841 sec
Total runtime           : 7.08205 sec
====================================



PS:

Read file <log/stage_3/omp_800_1200_16_cerr.log> for stderr output of this job.

