Sender: LSF System <lsfadmin@polus-c2-ib.bmc.hpc.cs.msu.ru>
Subject: Job 1439072: <mpi_800_1200_20> in cluster <MSUCluster> Done

Job <mpi_800_1200_20> was submitted from host <polus-ib.bmc.hpc.cs.msu.ru> by user <edu-cmc-skmodel25-619-2-08> in cluster <MSUCluster> at Fri Dec 12 05:11:12 2025
Job was executed on host(s) <20*polus-c2-ib.bmc.hpc.cs.msu.ru>, in queue <short>, as user <edu-cmc-skmodel25-619-2-08> in cluster <MSUCluster> at Fri Dec 12 05:27:31 2025
</home_edu/edu-cmc-skmodel25-619-2/edu-cmc-skmodel25-619-2-08> was used as the home directory.
</home_edu/edu-cmc-skmodel25-619-2/edu-cmc-skmodel25-619-2-08/supercomputer> was used as the working directory.
Started at Fri Dec 12 05:27:31 2025
Terminated at Fri Dec 12 05:27:36 2025
Results reported at Fri Dec 12 05:27:36 2025

Your job looked like:

------------------------------------------------------------
# LSBATCH: User input
#BSUB -n 20
#BSUB -W 30
#BSUB -J mpi_800_1200_20
#BSUB -oo "log/stage_9/mpi_800_1200_20_cout.log"
#BSUB -eo "log/stage_9/mpi_800_1200_20_cerr.log"
#BSUB -R "span[hosts=1]"

mpiexec ./task_mpi 800 1200
------------------------------------------------------------

Successfully completed.

Resource usage summary:

    CPU time :                                   76.32 sec.
    Max Memory :                                 1656 MB
    Average Memory :                             1104.33 MB
    Total Requested Memory :                     -
    Delta Memory :                               -
    Max Swap :                                   -
    Max Processes :                              24
    Max Threads :                                89
    Run time :                                   6 sec.
    Turnaround time :                            984 sec.

The output (if any) follows:

==== Domain Decomposition Summary ====
Global grid: 800 x 1200
Total processes: 20    Grid layout: 4 x 5
X partitions (4):    0 200 400 600
Y partitions (5):    0 240 480 720 960
======================================
[Rank  0] coords=(0,0) x:[   0, 199] y:[   0, 239] 
[Rank  9] coords=(1,4) x:[ 200, 399] y:[ 960,1200] 
[Rank 12] coords=(2,2) x:[ 400, 599] y:[ 480, 719] 
[Rank 13] coords=(2,3) x:[ 400, 599] y:[ 720, 959] 
[Rank  6] coords=(1,1) x:[ 200, 399] y:[ 240, 479] 
[Rank  8] coords=(1,3) x:[ 200, 399] y:[ 720, 959] 
[Rank  1] coords=(0,1) x:[   0, 199] y:[ 240, 479] 
[Rank  7] coords=(1,2) x:[ 200, 399] y:[ 480, 719] 
[Rank 19] coords=(3,4) x:[ 600, 800] y:[ 960,1200] 
[Rank 11] coords=(2,1) x:[ 400, 599] y:[ 240, 479] 
[Rank  2] coords=(0,2) x:[   0, 199] y:[ 480, 719] 
[Rank 14] coords=(2,4) x:[ 400, 599] y:[ 960,1200] 
[Rank 15] coords=(3,0) x:[ 600, 800] y:[   0, 239] 
[Rank 17] coords=(3,2) x:[ 600, 800] y:[ 480, 719] 
[Rank  4] coords=(0,4) x:[   0, 199] y:[ 960,1200] 
[Rank 18] coords=(3,3) x:[ 600, 800] y:[ 720, 959] 
[Rank  5] coords=(1,0) x:[ 200, 399] y:[   0, 239] 
[Rank  3] coords=(0,3) x:[   0, 199] y:[ 720, 959] 
[Rank 10] coords=(2,0) x:[ 400, 599] y:[   0, 239] 
[Rank 16] coords=(3,1) x:[ 600, 800] y:[ 240, 479] 
[OK] Converged in 3737 iterations, residual = 9.88798e-05
Saved solution to solution/solution_M_800_N_1200.csv


===== Timing Summary (rank 0, accumulated) =====
Initialization time        = 0.215981 sec
Laplace operator time      = 1.45427 sec
Update operator time       = 0.792118 sec
Local reduction time       = 1.15929 sec
MPI halo exchange time     = 0.0205487 sec
MPI Allreduce time         = 0.13354 sec
Finalize                   = 0.555186 sec
Total runtime              = 4.36632 sec
===============================================



PS:

Read file <log/stage_9/mpi_800_1200_20_cerr.log> for stderr output of this job.

