Sender: LSF System <lsfadmin@polus-c2-ib.bmc.hpc.cs.msu.ru>
Subject: Job 1439077: <mpi_omp_1600_2400_20_8> in cluster <MSUCluster> Done

Job <mpi_omp_1600_2400_20_8> was submitted from host <polus-ib.bmc.hpc.cs.msu.ru> by user <edu-cmc-skmodel25-619-2-08> in cluster <MSUCluster> at Fri Dec 12 05:28:35 2025
Job was executed on host(s) <20*polus-c2-ib.bmc.hpc.cs.msu.ru>, in queue <short>, as user <edu-cmc-skmodel25-619-2-08> in cluster <MSUCluster> at Fri Dec 12 05:28:36 2025
</home_edu/edu-cmc-skmodel25-619-2/edu-cmc-skmodel25-619-2-08> was used as the home directory.
</home_edu/edu-cmc-skmodel25-619-2/edu-cmc-skmodel25-619-2-08/supercomputer> was used as the working directory.
Started at Fri Dec 12 05:28:36 2025
Terminated at Fri Dec 12 05:29:11 2025
Results reported at Fri Dec 12 05:29:11 2025

Your job looked like:

------------------------------------------------------------
# LSBATCH: User input
#BSUB -n 20
#BSUB -W 30
#BSUB -J mpi_omp_1600_2400_20_8
#BSUB -oo "log/stage_9/mpi_omp_1600_2400_20_8_cout.log"
#BSUB -eo "log/stage_9/mpi_omp_1600_2400_20_8_cerr.log"
#BSUB -R "span[hosts=1]"

export OMP_NUM_THREADS=8
export OMP_PROC_BIND=true
export OMP_PLACES=cores

mpiexec ./task_mpi_omp 1600 2400
------------------------------------------------------------

Successfully completed.

Resource usage summary:

    CPU time :                                   4435.54 sec.
    Max Memory :                                 1868 MB
    Average Memory :                             1601.29 MB
    Total Requested Memory :                     -
    Delta Memory :                               -
    Max Swap :                                   -
    Max Processes :                              24
    Max Threads :                                229
    Run time :                                   37 sec.
    Turnaround time :                            36 sec.

The output (if any) follows:

==== Domain Decomposition Summary ====
Global grid: 1600 x 2400
Total processes: 20    Grid layout: 4 x 5
X partitions (4):    0 400 8001200
Y partitions (5):    0 480 96014401920
======================================
[Rank  1] coords=(0,1) x:[   0, 399] y:[ 480, 959] 
[Rank 13] coords=(2,3) x:[ 800,1199] y:[1440,1919] 
[Rank  9] coords=(1,4) x:[ 400, 799] y:[1920,2400] 
[Rank  6] coords=(1,1) x:[ 400, 799] y:[ 480, 959] 
[Rank  0] coords=(0,0) x:[   0, 399] y:[   0, 479] 
[Rank  3] coords=(0,3) x:[   0, 399] y:[1440,1919] 
[Rank  2] coords=(0,2) x:[   0, 399] y:[ 960,1439] 
[Rank 17] coords=(3,2) x:[1200,1600] y:[ 960,1439] 
[Rank  7] coords=(1,2) x:[ 400, 799] y:[ 960,1439] 
[Rank  4] coords=(0,4) x:[   0, 399] y:[1920,2400] 
[Rank 15] coords=(3,0) x:[1200,1600] y:[   0, 479] 
[Rank  5] coords=(1,0) x:[ 400, 799] y:[   0, 479] 
[Rank 10] coords=(2,0) x:[ 800,1199] y:[   0, 479] 
[Rank 19] coords=(3,4) x:[1200,1600] y:[1920,2400] 
[Rank 11] coords=(2,1) x:[ 800,1199] y:[ 480, 959] 
[Rank  8] coords=(1,3) x:[ 400, 799] y:[1440,1919] 
[Rank 12] coords=(2,2) x:[ 800,1199] y:[ 960,1439] 
[Rank 18] coords=(3,3) x:[1200,1600] y:[1440,1919] 
[Rank 16] coords=(3,1) x:[1200,1600] y:[ 480, 959] 
[Rank 14] coords=(2,4) x:[ 800,1199] y:[1920,2400] 
[OK] Converged in 7836 iterations, residual = 9.9218e-05
Saved solution to solution/solution_M_1600_N_2400.csv


===== Timing Summary (rank 0, accumulated) =====
Initialization time        = 0.226223 sec
Laplace operator time      = 12.3741 sec
Update operator time       = 8.50392 sec
Local reduction time       = 3.72054 sec
MPI halo exchange time     = 0.377726 sec
MPI Allreduce time         = 6.94611 sec
Finalize                   = 2.21082 sec
Total runtime              = 34.5548 sec
===============================================



PS:

Read file <log/stage_9/mpi_omp_1600_2400_20_8_cerr.log> for stderr output of this job.

