Sender: LSF System <lsfadmin@polus-c2-ib.bmc.hpc.cs.msu.ru>
Subject: Job 1439079: <mpi_cuda_1600_2400_g2> in cluster <MSUCluster> Done

Job <mpi_cuda_1600_2400_g2> was submitted from host <polus-ib.bmc.hpc.cs.msu.ru> by user <edu-cmc-skmodel25-619-2-08> in cluster <MSUCluster> at Fri Dec 12 05:29:27 2025
Job was executed on host(s) <2*polus-c2-ib.bmc.hpc.cs.msu.ru>, in queue <short>, as user <edu-cmc-skmodel25-619-2-08> in cluster <MSUCluster> at Fri Dec 12 05:29:27 2025
</home_edu/edu-cmc-skmodel25-619-2/edu-cmc-skmodel25-619-2-08> was used as the home directory.
</home_edu/edu-cmc-skmodel25-619-2/edu-cmc-skmodel25-619-2-08/supercomputer> was used as the working directory.
Started at Fri Dec 12 05:29:27 2025
Terminated at Fri Dec 12 05:29:37 2025
Results reported at Fri Dec 12 05:29:37 2025

Your job looked like:

------------------------------------------------------------
# LSBATCH: User input
#BSUB -n 2
#BSUB -W 30
#BSUB -J "mpi_cuda_1600_2400_g2"
#BSUB -oo "log/stage_9/mpi_cuda_1600_2400_g2_cout.log"
#BSUB -eo "log/stage_9/mpi_cuda_1600_2400_g2_cerr.log"
#BSUB -R "span[ptile=2]"
#BSUB -gpu "num=2:mode=exclusive_process"

mpiexec ./task_mpi_cuda 1600 2400
------------------------------------------------------------

Successfully completed.

Resource usage summary:

    CPU time :                                   16.45 sec.
    Max Memory :                                 575 MB
    Average Memory :                             432.25 MB
    Total Requested Memory :                     -
    Delta Memory :                               -
    Max Swap :                                   -
    Max Processes :                              6
    Max Threads :                                21
    Run time :                                   10 sec.
    Turnaround time :                            10 sec.

The output (if any) follows:

[Rank 0] host=polus-c2-ib.bmc.hpc.cs.msu.ru local_rank=0 dev=0 dev_count=2
==== Domain Decomposition Summary ====
Global grid: 1600 x 2400
Total processes: 2    Grid layout: 1 x 2
X partitions (1):    0
Y partitions (2):    01200
======================================
[Rank 1] host=polus-c2-ib.bmc.hpc.cs.msu.ru local_rank=1 dev=1 dev_count=2
[Rank  0] coords=(0,0) x:[   0,1600] y:[   0,1199] 
[Rank  1] coords=(0,1) x:[   0,1600] y:[1200,2400] 
[OK] Converged in 7829 iterations, residual = 9.95325e-05
Saved solution to solution/solution_M_1600_N_2400.csv


===== Timing Summary (rank 0, accumulated) =====
Initialization time        = 0.300621 sec
CPU Laplace operator time  = 0.0268359 sec
CPU update time            = 0.0360932 sec
CPU local reduction time   = 0 sec
CUDA Laplace operator time = 0.879703 sec
CUDA update (kernels) time = 2.89649 sec
CUDA reduction kernels time= 2.06272 sec
Host->Device memcpy time   = 0.189335 sec
Device->Host memcpy time   = 0.343889 sec
MPI halo exchange time     = 0.0725822 sec
MPI Allreduce time         = 0.106375 sec
Finalize time              = 2.30759 sec
Total runtime              = 9.34835 sec
===============================================



PS:

Read file <log/stage_9/mpi_cuda_1600_2400_g2_cerr.log> for stderr output of this job.

