Sender: LSF System <lsfadmin@polus-c3-ib.bmc.hpc.cs.msu.ru>
Subject: Job 1427191: <mpi_cuda_800_1200_g4> in cluster <MSUCluster> Done

Job <mpi_cuda_800_1200_g4> was submitted from host <polus-ib.bmc.hpc.cs.msu.ru> by user <edu-cmc-skmodel25-619-2-08> in cluster <MSUCluster> at Mon Dec  8 22:17:59 2025
Job was executed on host(s) <2*polus-c3-ib.bmc.hpc.cs.msu.ru>, in queue <short>, as user <edu-cmc-skmodel25-619-2-08> in cluster <MSUCluster> at Mon Dec  8 22:17:59 2025
                            <2*polus-c4-ib.bmc.hpc.cs.msu.ru>
</home_edu/edu-cmc-skmodel25-619-2/edu-cmc-skmodel25-619-2-08> was used as the home directory.
</home_edu/edu-cmc-skmodel25-619-2/edu-cmc-skmodel25-619-2-08/supercomputer> was used as the working directory.
Started at Mon Dec  8 22:17:59 2025
Terminated at Mon Dec  8 22:18:05 2025
Results reported at Mon Dec  8 22:18:05 2025

Your job looked like:

------------------------------------------------------------
# LSBATCH: User input
#BSUB -n 4
#BSUB -W 30
#BSUB -J "mpi_cuda_800_1200_g4"
#BSUB -oo "log/stage_9/mpi_cuda_800_1200_g4_cout.log"
#BSUB -eo "log/stage_9/mpi_cuda_800_1200_g4_cerr.log"
#BSUB -R "span[ptile=2]"
#BSUB -gpu "num=2:mode=exclusive_process"

mpiexec ./task_mpi_cuda 800 1200
------------------------------------------------------------

Successfully completed.

Resource usage summary:

    CPU time :                                   10.86 sec.
    Max Memory :                                 421 MB
    Average Memory :                             282.00 MB
    Total Requested Memory :                     -
    Delta Memory :                               -
    Max Swap :                                   -
    Max Processes :                              6
    Max Threads :                                21
    Run time :                                   7 sec.
    Turnaround time :                            6 sec.

The output (if any) follows:

[Rank 2] host=polus-c4-ib.bmc.hpc.cs.msu.ru local_rank=0 dev=0 dev_count=2
[Rank 3] host=polus-c4-ib.bmc.hpc.cs.msu.ru local_rank=1 dev=1 dev_count=2
[Rank 1] host=polus-c3-ib.bmc.hpc.cs.msu.ru local_rank=1 dev=1 dev_count=2
[Rank 0] host=polus-c3-ib.bmc.hpc.cs.msu.ru local_rank=0 dev=0 dev_count=2
==== Domain Decomposition Summary ====
Global grid: 800 x 1200
Total processes: 4    Grid layout: 2 x 2
X partitions (2):    0 400
Y partitions (2):    0 600
======================================
[Rank  2] coords=(1,0) x:[ 400, 800] y:[   0, 599] 
[Rank  3] coords=(1,1) x:[ 400, 800] y:[ 600,1200] 
[Rank  0] coords=(0,0) x:[   0, 399] y:[   0, 599] 
[Rank  1] coords=(0,1) x:[   0, 399] y:[ 600,1200] 
[OK] Converged in 3737 iterations, residual = 9.88797e-05
Saved solution to solution/solution_M_800_N_1200.csv


===== Timing Summary (rank 0, accumulated) =====
Initialization time        = 0.261517 sec
CPU Laplace operator time  = 0.0072768 sec
CPU update time            = 0.00988792 sec
CPU local reduction time   = 0.0450777 sec
CUDA Laplace operator time = 0.167951 sec
CUDA update (kernels) time = 0.159076 sec
CUDA reduction kernels time= 0.815187 sec
Host->Device memcpy time   = 0.118023 sec
Device->Host memcpy time   = 0.391344 sec
MPI halo exchange time     = 0.0336623 sec
MPI Allreduce time         = 0.168972 sec
Finalize time              = 0.948332 sec
Total runtime              = 3.38396 sec
===============================================



PS:

Read file <log/stage_9/mpi_cuda_800_1200_g4_cerr.log> for stderr output of this job.

