Sender: LSF System <lsfadmin@polus-c4-ib.bmc.hpc.cs.msu.ru>
Subject: Job 1406041: <mpi_cuda_400_600_g4> in cluster <MSUCluster> Done

Job <mpi_cuda_400_600_g4> was submitted from host <polus-ib.bmc.hpc.cs.msu.ru> by user <edu-cmc-skmodel25-619-2-08> in cluster <MSUCluster> at Fri Dec  5 15:15:32 2025
Job was executed on host(s) <2*polus-c4-ib.bmc.hpc.cs.msu.ru>, in queue <short>, as user <edu-cmc-skmodel25-619-2-08> in cluster <MSUCluster> at Fri Dec  5 15:15:33 2025
                            <2*polus-c3-ib.bmc.hpc.cs.msu.ru>
</home_edu/edu-cmc-skmodel25-619-2/edu-cmc-skmodel25-619-2-08> was used as the home directory.
</home_edu/edu-cmc-skmodel25-619-2/edu-cmc-skmodel25-619-2-08/supercomputer> was used as the working directory.
Started at Fri Dec  5 15:15:33 2025
Terminated at Fri Dec  5 15:15:36 2025
Results reported at Fri Dec  5 15:15:36 2025

Your job looked like:

------------------------------------------------------------
# LSBATCH: User input
#BSUB -n 4
#BSUB -W 5
#BSUB -J "mpi_cuda_400_600_g4"
#BSUB -oo "log/stage_9/mpi_cuda_400_600_g4_cout.log"
#BSUB -eo "log/stage_9/mpi_cuda_400_600_g4_cerr.log"
#BSUB -R "span[ptile=2]"
#BSUB -gpu "num=2:mode=exclusive_process"

mpiexec ./task_mpi_cuda 400 600
------------------------------------------------------------

Successfully completed.

Resource usage summary:

    CPU time :                                   4.00 sec.
    Max Memory :                                 411 MB
    Average Memory :                             275.33 MB
    Total Requested Memory :                     -
    Delta Memory :                               -
    Max Swap :                                   -
    Max Processes :                              6
    Max Threads :                                21
    Run time :                                   4 sec.
    Turnaround time :                            4 sec.

The output (if any) follows:

[Rank 0] host=polus-c4-ib.bmc.hpc.cs.msu.ru local_rank=0 dev=0 dev_count=2
==== Domain Decomposition Summary ====
Global grid: 400 x 600
Total processes: 4    Grid layout: 2 x 2
X partitions (2):    0 200
Y partitions (2):    0 300
======================================
[Rank 1] host=polus-c4-ib.bmc.hpc.cs.msu.ru local_rank=1 dev=1 dev_count=2
[Rank 3] host=polus-c3-ib.bmc.hpc.cs.msu.ru local_rank=1 dev=1 dev_count=2
[Rank 2] host=polus-c3-ib.bmc.hpc.cs.msu.ru local_rank=0 dev=0 dev_count=2
[Rank  1] coords=(0,1) x:[   0, 199] y:[ 300, 600] 
[Rank  0] coords=(0,0) x:[   0, 199] y:[   0, 299] 
[Rank  2] coords=(1,0) x:[ 200, 400] y:[   0, 299] 
[Rank  3] coords=(1,1) x:[ 200, 400] y:[ 300, 600] 
[OK] Converged in 1818 iterations, residual = 9.89925e-05
Saved solution to solution/solution_M_400_N_600.csv


===== Timing Summary (rank 0, accumulated) =====
Initialization time        = 0.34849 sec
CPU Laplace operator time  = 0.0192261 sec
CPU update time            = 0.0140923 sec
CPU local reduction time   = 0.0513878 sec
CUDA Laplace operator time = 0.0355785 sec
CUDA update (kernels) time = 0.0502104 sec
CUDA reduction kernels time= 0.199791 sec
Host->Device memcpy time   = 0.0307292 sec
Device->Host memcpy time   = 0.111612 sec
MPI halo exchange time     = 0.0151777 sec
MPI Allreduce time         = 0.0615893 sec
Finalize time              = 0.16705 sec
Total runtime              = 1.14792 sec
===============================================



PS:

Read file <log/stage_9/mpi_cuda_400_600_g4_cerr.log> for stderr output of this job.

