Sender: LSF System <lsfadmin@polus-c4-ib.bmc.hpc.cs.msu.ru>
Subject: Job 1427130: <mpi_omp_400_600_2_1> in cluster <MSUCluster> Done

Job <mpi_omp_400_600_2_1> was submitted from host <polus-ib.bmc.hpc.cs.msu.ru> by user <edu-cmc-skmodel25-619-2-08> in cluster <MSUCluster> at Mon Dec  8 21:45:41 2025
Job was executed on host(s) <2*polus-c4-ib.bmc.hpc.cs.msu.ru>, in queue <short>, as user <edu-cmc-skmodel25-619-2-08> in cluster <MSUCluster> at Mon Dec  8 21:45:42 2025
</home_edu/edu-cmc-skmodel25-619-2/edu-cmc-skmodel25-619-2-08> was used as the home directory.
</home_edu/edu-cmc-skmodel25-619-2/edu-cmc-skmodel25-619-2-08/supercomputer> was used as the working directory.
Started at Mon Dec  8 21:45:42 2025
Terminated at Mon Dec  8 21:46:24 2025
Results reported at Mon Dec  8 21:46:24 2025

Your job looked like:

------------------------------------------------------------
# LSBATCH: User input
#BSUB -n 2
#BSUB -W 5
#BSUB -J "mpi_omp_400_600_2_1"
#BSUB -o "log/stage_8/mpi_omp_400_600_2_1_cout.log"
#BSUB -e "log/stage_8/mpi_omp_400_600_2_1_cerr.log"

export OMP_NUM_THREADS=1
export OMP_PLACES=cores
export OMP_PROC_BIND=close

mpiexec ./task_mpi_omp 400 600
------------------------------------------------------------

Successfully completed.

Resource usage summary:

    CPU time :                                   74.78 sec.
    Max Memory :                                 188 MB
    Average Memory :                             164.62 MB
    Total Requested Memory :                     -
    Delta Memory :                               -
    Max Swap :                                   -
    Max Processes :                              6
    Max Threads :                                17
    Run time :                                   44 sec.
    Turnaround time :                            43 sec.

The output (if any) follows:

==== Domain Decomposition Summary ====
Global grid: 400 x 600
Total processes: 2    Grid layout: 1 x 2
X partitions (1):    0
Y partitions (2):    0 300
======================================
[Rank  1] coords=(0,1) x:[   0, 400] y:[ 300, 600] 
[Rank  0] coords=(0,0) x:[   0, 400] y:[   0, 299] 
[OK] Converged in 1834 iterations, residual = 9.63968e-05
Saved solution to solution/solution_M_400_N_600.csv


===== Timing Summary (rank 0, accumulated) =====
Initialization time        = 0.251615 sec
Laplace operator time      = 2.69242 sec
Update operator time       = 1.30253 sec
Local reduction time       = 0.995113 sec
MPI halo exchange time     = 0.0127717 sec
MPI Allreduce time         = 0.0438548 sec
Finalize                   = 0.149732 sec
Total runtime              = 5.45576 sec
===============================================



PS:

Read file <log/stage_8/mpi_omp_400_600_2_1_cerr.log> for stderr output of this job.

