Sender: LSF System <lsfadmin@polus-c4-ib.bmc.hpc.cs.msu.ru>
Subject: Job 1427140: <mpi_omp_800_1200_4_1> in cluster <MSUCluster> Done

Job <mpi_omp_800_1200_4_1> was submitted from host <polus-ib.bmc.hpc.cs.msu.ru> by user <edu-cmc-skmodel25-619-2-08> in cluster <MSUCluster> at Mon Dec  8 21:48:10 2025
Job was executed on host(s) <4*polus-c4-ib.bmc.hpc.cs.msu.ru>, in queue <short>, as user <edu-cmc-skmodel25-619-2-08> in cluster <MSUCluster> at Mon Dec  8 21:48:11 2025
</home_edu/edu-cmc-skmodel25-619-2/edu-cmc-skmodel25-619-2-08> was used as the home directory.
</home_edu/edu-cmc-skmodel25-619-2/edu-cmc-skmodel25-619-2-08/supercomputer> was used as the working directory.
Started at Mon Dec  8 21:48:11 2025
Terminated at Mon Dec  8 21:51:25 2025
Results reported at Mon Dec  8 21:51:25 2025

Your job looked like:

------------------------------------------------------------
# LSBATCH: User input
#BSUB -n 4
#BSUB -W 30
#BSUB -J "mpi_omp_800_1200_4_1"
#BSUB -o "log/stage_8/mpi_omp_800_1200_4_1_cout.log"
#BSUB -e "log/stage_8/mpi_omp_800_1200_4_1_cerr.log"

export OMP_NUM_THREADS=1
export OMP_PLACES=cores
export OMP_PROC_BIND=close

mpiexec ./task_mpi_omp 800 1200
------------------------------------------------------------

Successfully completed.

Resource usage summary:

    CPU time :                                   656.03 sec.
    Max Memory :                                 420 MB
    Average Memory :                             386.97 MB
    Total Requested Memory :                     -
    Delta Memory :                               -
    Max Swap :                                   -
    Max Processes :                              8
    Max Threads :                                25
    Run time :                                   193 sec.
    Turnaround time :                            195 sec.

The output (if any) follows:

==== Domain Decomposition Summary ====
Global grid: 800 x 1200
Total processes: 4    Grid layout: 2 x 2
X partitions (2):    0 400
Y partitions (2):    0 600
======================================
[Rank  3] coords=(1,1) x:[ 400, 800] y:[ 600,1200] 
[Rank  1] coords=(0,1) x:[   0, 399] y:[ 600,1200] 
[Rank  2] coords=(1,0) x:[ 400, 800] y:[   0, 599] 
[Rank  0] coords=(0,0) x:[   0, 399] y:[   0, 599] 
[OK] Converged in 3737 iterations, residual = 9.88798e-05
Saved solution to solution/solution_M_800_N_1200.csv


===== Timing Summary (rank 0, accumulated) =====
Initialization time        = 0.285798 sec
Laplace operator time      = 10.9876 sec
Update operator time       = 5.3013 sec
Local reduction time       = 4.04249 sec
MPI halo exchange time     = 0.0559452 sec
MPI Allreduce time         = 0.19251 sec
Finalize                   = 0.561914 sec
Total runtime              = 21.4454 sec
===============================================



PS:

Read file <log/stage_8/mpi_omp_800_1200_4_1_cerr.log> for stderr output of this job.

